../ESP/esp.c:44:6:espInit	4	static
../ESP/esp.c:64:10:espWriteCommand	24	static
../ESP/esp.c:93:10:espCheckResponse	32	static
../ESP/esp.c:130:19:espTraverseBufferUntilStringFound	32	static
../ESP/esp.c:168:6:espIRQHandler	16	static
../ESP/esp.c:188:19:espWaitUntilResponse	24	static
../ESP/esp.c:213:19:espReset	8	static
../ESP/esp.c:236:19:espRestore	8	static
../ESP/esp.c:257:19:espSetApSettings	8	static
../ESP/esp.c:278:19:espSetToStationMode	8	static
../ESP/esp.c:301:19:espConnect	2064	static
../ESP/esp.c:327:19:espDisconnect	8	static
../ESP/esp.c:349:19:espGetIP	16	static
../ESP/esp.c:393:19:espGetSSID	24	static
../ESP/esp.c:437:19:espEnableMultiConn	8	static
../ESP/esp.c:460:19:espCreateTCPServer	2064	static
../ESP/esp.c:487:19:espSendDataToServer	2072	static
../ESP/esp.c:538:19:espGetDomainIP	2072	static
../ESP/esp.c:580:19:espEstablishTCPConnection	2064	static
../ESP/esp.c:610:6:espGetLinkId	16	static
../ESP/esp.c:638:19:espGetAvailableNetwork	40	static
../ESP/esp.c:755:19:getGeolocation	856	static
../ESP/esp.c:877:19:getWeather	40	static
../ESP/esp.c:954:8:convertToTimestamp	176	static
../ESP/esp.c:1001:6:settingTime	24	static
../ESP/esp.c:1035:19:getNTPTime	688	static
