../Core/Inc/../../lvgl/src/lv_api_map.h:35:51:lv_task_handler	8	static
../Core/Src/main.c:105:5:main	48	static,ignoring_inline_asm
../Core/Src/main.c:202:6:SystemClock_Config	88	static
../Core/Src/main.c:248:13:MX_NVIC_Init	8	static
../Core/Src/main.c:263:13:MX_ADC1_Init	24	static
../Core/Src/main.c:315:13:MX_RTC_Init	32	static
../Core/Src/main.c:379:13:MX_SPI1_Init	8	static
../Core/Src/main.c:417:13:MX_SPI2_Init	8	static
../Core/Src/main.c:455:13:MX_USART2_UART_Init	8	static
../Core/Src/main.c:486:13:MX_DMA_Init	16	static
../Core/Src/main.c:499:13:MX_GPIO_Init	48	static
../Core/Src/main.c:584:6:lcdInit	8	static
../Core/Src/main.c:627:6:LVGLTask	16	static
../Core/Src/main.c:671:6:temperatureControlTask	16	static
../Core/Src/main.c:719:6:temperatureSensorTask	48	static
../Core/Src/main.c:787:6:rtcTask	32	static
../Core/Src/main.c:823:6:wifiTask	16	static
../Core/Src/main.c:992:6:weatherTask	16	static
../Core/Src/main.c:1018:6:USART2_IRQHandler	8	static
../Core/Src/main.c:1025:6:HAL_GPIO_EXTI_Callback	16	static
../Core/Src/main.c:1034:6:HAL_ADC_ConvCpltCallback	32	static
../Core/Src/main.c:1059:6:HAL_TIM_PeriodElapsedCallback	16	static
../Core/Src/main.c:1076:6:Error_Handler	4	static,ignoring_inline_asm
